mode: set
github.com/yunhou/users/internal/service/app_secret_backfill.go:32.81,38.16 2 1
github.com/yunhou/users/internal/service/app_secret_backfill.go:38.16,40.3 1 1
github.com/yunhou/users/internal/service/app_secret_backfill.go:41.2,42.25 2 1
github.com/yunhou/users/internal/service/app_secret_backfill.go:42.25,44.17 2 1
github.com/yunhou/users/internal/service/app_secret_backfill.go:44.17,46.4 1 0
github.com/yunhou/users/internal/service/app_secret_backfill.go:53.3,54.17 2 1
github.com/yunhou/users/internal/service/app_secret_backfill.go:54.17,56.4 1 0
github.com/yunhou/users/internal/service/app_secret_backfill.go:57.3,57.14 1 1
github.com/yunhou/users/internal/service/app_secret_backfill.go:57.14,58.12 1 0
github.com/yunhou/users/internal/service/app_secret_backfill.go:62.3,63.6 2 1
github.com/yunhou/users/internal/service/app_secret_backfill.go:65.2,65.15 1 1
github.com/yunhou/users/internal/service/auth.go:21.28,23.2 1 1
github.com/yunhou/users/internal/service/auth.go:25.45,27.40 2 1
github.com/yunhou/users/internal/service/auth.go:27.40,29.3 1 0
github.com/yunhou/users/internal/service/auth.go:30.2,30.35 1 1
github.com/yunhou/users/internal/service/auth.go:33.37,36.2 2 1
github.com/yunhou/users/internal/service/auth.go:57.16,67.2 1 1
github.com/yunhou/users/internal/service/auth.go:76.111,78.16 2 1
github.com/yunhou/users/internal/service/auth.go:78.16,79.36 1 1
github.com/yunhou/users/internal/service/auth.go:79.36,81.4 1 1
github.com/yunhou/users/internal/service/auth.go:82.3,82.54 1 1
github.com/yunhou/users/internal/service/auth.go:84.2,84.62 1 1
github.com/yunhou/users/internal/service/auth.go:84.62,86.3 1 0
github.com/yunhou/users/internal/service/auth.go:87.2,87.17 1 1
github.com/yunhou/users/internal/service/auth.go:144.114,145.24 1 1
github.com/yunhou/users/internal/service/auth.go:145.24,147.3 1 1
github.com/yunhou/users/internal/service/auth.go:148.2,155.16 4 1
github.com/yunhou/users/internal/service/auth.go:155.16,156.36 1 1
github.com/yunhou/users/internal/service/auth.go:156.36,158.4 1 1
github.com/yunhou/users/internal/service/auth.go:159.3,159.46 1 0
github.com/yunhou/users/internal/service/auth.go:161.2,161.19 1 1
github.com/yunhou/users/internal/service/auth.go:161.19,163.3 1 1
github.com/yunhou/users/internal/service/auth.go:166.2,167.16 2 1
github.com/yunhou/users/internal/service/auth.go:167.16,169.3 1 0
github.com/yunhou/users/internal/service/auth.go:173.2,173.32 1 1
github.com/yunhou/users/internal/service/auth.go:173.32,175.3 1 1
github.com/yunhou/users/internal/service/auth.go:176.2,176.30 1 1
github.com/yunhou/users/internal/service/auth.go:176.30,178.3 1 0
github.com/yunhou/users/internal/service/auth.go:185.2,186.16 2 1
github.com/yunhou/users/internal/service/auth.go:186.16,187.29 1 1
github.com/yunhou/users/internal/service/auth.go:187.29,189.59 1 1
github.com/yunhou/users/internal/service/auth.go:189.59,191.10 2 1
github.com/yunhou/users/internal/service/auth.go:197.2,198.16 2 1
github.com/yunhou/users/internal/service/auth.go:198.16,200.3 1 0
github.com/yunhou/users/internal/service/auth.go:201.2,206.52 2 1
github.com/yunhou/users/internal/service/auth.go:209.105,212.35 2 1
github.com/yunhou/users/internal/service/auth.go:212.35,214.3 1 1
github.com/yunhou/users/internal/service/auth.go:218.2,219.16 2 1
github.com/yunhou/users/internal/service/auth.go:219.16,221.3 1 1
github.com/yunhou/users/internal/service/auth.go:227.2,234.61 2 1
github.com/yunhou/users/internal/service/auth.go:234.61,235.26 1 1
github.com/yunhou/users/internal/service/auth.go:235.26,242.40 2 0
github.com/yunhou/users/internal/service/auth.go:242.40,244.5 1 0
github.com/yunhou/users/internal/service/auth.go:248.4,248.13 1 0
github.com/yunhou/users/internal/service/auth.go:250.3,250.53 1 1
github.com/yunhou/users/internal/service/auth.go:253.2,253.41 1 1
github.com/yunhou/users/internal/service/auth.go:269.110,270.22 1 1
github.com/yunhou/users/internal/service/auth.go:270.22,272.17 2 1
github.com/yunhou/users/internal/service/auth.go:272.17,273.34 1 1
github.com/yunhou/users/internal/service/auth.go:273.34,274.53 1 1
github.com/yunhou/users/internal/service/auth.go:274.53,275.14 1 1
github.com/yunhou/users/internal/service/auth.go:277.5,277.36 1 1
github.com/yunhou/users/internal/service/auth.go:281.2,288.53 2 1
github.com/yunhou/users/internal/service/auth.go:288.53,290.3 1 1
github.com/yunhou/users/internal/service/auth.go:291.2,291.27 1 1
github.com/yunhou/users/internal/service/auth.go:297.57,299.2 1 1
github.com/yunhou/users/internal/service/auth.go:307.100,310.16 2 1
github.com/yunhou/users/internal/service/auth.go:310.16,311.36 1 1
github.com/yunhou/users/internal/service/auth.go:311.36,313.4 1 1
github.com/yunhou/users/internal/service/auth.go:314.3,314.46 1 0
github.com/yunhou/users/internal/service/auth.go:316.2,316.19 1 1
github.com/yunhou/users/internal/service/auth.go:316.19,318.3 1 1
github.com/yunhou/users/internal/service/auth.go:324.2,325.50 2 1
github.com/yunhou/users/internal/service/auth.go:325.50,327.3 1 0
github.com/yunhou/users/internal/service/auth.go:328.2,329.25 2 1
github.com/yunhou/users/internal/service/auth.go:329.25,331.17 2 1
github.com/yunhou/users/internal/service/auth.go:331.17,333.4 1 0
github.com/yunhou/users/internal/service/auth.go:334.8,343.54 3 1
github.com/yunhou/users/internal/service/auth.go:343.54,345.4 1 0
github.com/yunhou/users/internal/service/auth.go:346.3,353.18 2 1
github.com/yunhou/users/internal/service/auth.go:353.18,355.4 1 0
github.com/yunhou/users/internal/service/auth.go:359.2,359.32 1 1
github.com/yunhou/users/internal/service/auth.go:359.32,361.3 1 1
github.com/yunhou/users/internal/service/auth.go:362.2,362.30 1 1
github.com/yunhou/users/internal/service/auth.go:362.30,364.3 1 0
github.com/yunhou/users/internal/service/auth.go:366.2,366.63 1 1
github.com/yunhou/users/internal/service/auth.go:380.142,385.33 3 1
github.com/yunhou/users/internal/service/auth.go:385.33,387.17 2 1
github.com/yunhou/users/internal/service/auth.go:387.17,389.4 1 1
github.com/yunhou/users/internal/service/auth.go:390.8,392.17 2 1
github.com/yunhou/users/internal/service/auth.go:392.17,394.4 1 1
github.com/yunhou/users/internal/service/auth.go:396.2,399.16 3 1
github.com/yunhou/users/internal/service/auth.go:399.16,401.3 1 0
github.com/yunhou/users/internal/service/auth.go:402.2,403.16 2 1
github.com/yunhou/users/internal/service/auth.go:403.16,405.3 1 0
github.com/yunhou/users/internal/service/auth.go:406.2,416.59 2 1
github.com/yunhou/users/internal/service/auth.go:416.59,418.3 1 0
github.com/yunhou/users/internal/service/auth.go:420.2,421.19 2 1
github.com/yunhou/users/internal/service/auth.go:421.19,423.3 1 1
github.com/yunhou/users/internal/service/auth.go:430.2,431.26 2 1
github.com/yunhou/users/internal/service/auth.go:431.26,433.3 1 1
github.com/yunhou/users/internal/service/auth.go:435.2,450.8 1 1
github.com/yunhou/users/internal/service/auth.go:456.78,458.35 2 1
github.com/yunhou/users/internal/service/auth.go:458.35,460.3 1 1
github.com/yunhou/users/internal/service/auth.go:461.2,461.16 1 1
github.com/yunhou/users/internal/service/auth.go:461.16,463.3 1 0
github.com/yunhou/users/internal/service/auth.go:464.2,464.46 1 1
github.com/yunhou/users/internal/service/auth.go:468.109,470.35 2 1
github.com/yunhou/users/internal/service/auth.go:470.35,472.3 1 1
github.com/yunhou/users/internal/service/auth.go:473.2,473.16 1 1
github.com/yunhou/users/internal/service/auth.go:473.16,475.3 1 1
github.com/yunhou/users/internal/service/auth.go:477.2,478.35 2 1
github.com/yunhou/users/internal/service/auth.go:478.35,480.3 1 0
github.com/yunhou/users/internal/service/auth.go:481.2,481.16 1 1
github.com/yunhou/users/internal/service/auth.go:481.16,483.3 1 1
github.com/yunhou/users/internal/service/auth.go:486.2,486.32 1 1
github.com/yunhou/users/internal/service/auth.go:486.32,488.3 1 1
github.com/yunhou/users/internal/service/auth.go:489.2,489.30 1 1
github.com/yunhou/users/internal/service/auth.go:489.30,491.3 1 1
github.com/yunhou/users/internal/service/auth.go:494.2,494.17 1 1
github.com/yunhou/users/internal/service/auth.go:494.17,496.3 1 1
github.com/yunhou/users/internal/service/auth.go:501.2,502.16 2 1
github.com/yunhou/users/internal/service/auth.go:502.16,503.36 1 1
github.com/yunhou/users/internal/service/auth.go:503.36,505.4 1 1
github.com/yunhou/users/internal/service/auth.go:506.3,506.46 1 0
github.com/yunhou/users/internal/service/auth.go:508.2,508.19 1 1
github.com/yunhou/users/internal/service/auth.go:508.19,510.3 1 1
github.com/yunhou/users/internal/service/auth.go:512.2,513.16 2 1
github.com/yunhou/users/internal/service/auth.go:513.16,515.3 1 1
github.com/yunhou/users/internal/service/auth.go:517.2,518.16 2 1
github.com/yunhou/users/internal/service/auth.go:518.16,520.17 2 1
github.com/yunhou/users/internal/service/auth.go:520.17,522.4 1 0
github.com/yunhou/users/internal/service/auth.go:523.8,525.17 2 1
github.com/yunhou/users/internal/service/auth.go:525.17,527.4 1 0
github.com/yunhou/users/internal/service/auth.go:530.2,533.16 3 1
github.com/yunhou/users/internal/service/auth.go:533.16,535.3 1 0
github.com/yunhou/users/internal/service/auth.go:537.2,538.16 2 1
github.com/yunhou/users/internal/service/auth.go:538.16,540.3 1 0
github.com/yunhou/users/internal/service/auth.go:542.2,552.81 2 1
github.com/yunhou/users/internal/service/auth.go:552.81,558.47 1 0
github.com/yunhou/users/internal/service/auth.go:558.47,559.89 1 0
github.com/yunhou/users/internal/service/auth.go:559.89,561.5 1 0
github.com/yunhou/users/internal/service/auth.go:562.4,562.38 1 0
github.com/yunhou/users/internal/service/auth.go:564.3,564.58 1 0
github.com/yunhou/users/internal/service/auth.go:567.2,568.16 2 1
github.com/yunhou/users/internal/service/auth.go:568.16,570.3 1 1
github.com/yunhou/users/internal/service/auth.go:572.2,587.8 1 1
github.com/yunhou/users/internal/service/github_oauth.go:73.68,82.2 1 1
github.com/yunhou/users/internal/service/github_oauth.go:86.60,88.2 1 1
github.com/yunhou/users/internal/service/github_oauth.go:92.58,94.2 1 1
github.com/yunhou/users/internal/service/github_oauth.go:98.56,100.2 1 1
github.com/yunhou/users/internal/service/github_oauth.go:104.51,106.2 1 1
github.com/yunhou/users/internal/service/github_oauth.go:110.53,112.2 1 1
github.com/yunhou/users/internal/service/github_oauth.go:135.142,136.16 1 1
github.com/yunhou/users/internal/service/github_oauth.go:136.16,138.3 1 1
github.com/yunhou/users/internal/service/github_oauth.go:139.2,139.50 1 1
github.com/yunhou/users/internal/service/github_oauth.go:139.50,141.3 1 1
github.com/yunhou/users/internal/service/github_oauth.go:142.2,142.65 1 1
github.com/yunhou/users/internal/service/github_oauth.go:142.65,144.3 1 1
github.com/yunhou/users/internal/service/github_oauth.go:145.2,148.16 3 1
github.com/yunhou/users/internal/service/github_oauth.go:148.16,150.3 1 0
github.com/yunhou/users/internal/service/github_oauth.go:152.2,158.47 7 1
github.com/yunhou/users/internal/service/github_oauth.go:165.125,167.2 1 1
github.com/yunhou/users/internal/service/github_oauth.go:172.136,173.64 1 1
github.com/yunhou/users/internal/service/github_oauth.go:173.64,175.3 1 1
github.com/yunhou/users/internal/service/github_oauth.go:176.2,176.16 1 1
github.com/yunhou/users/internal/service/github_oauth.go:176.16,178.3 1 1
github.com/yunhou/users/internal/service/github_oauth.go:180.2,187.16 7 1
github.com/yunhou/users/internal/service/github_oauth.go:187.16,189.3 1 0
github.com/yunhou/users/internal/service/github_oauth.go:190.2,194.16 4 1
github.com/yunhou/users/internal/service/github_oauth.go:194.16,196.3 1 1
github.com/yunhou/users/internal/service/github_oauth.go:197.2,202.53 2 1
github.com/yunhou/users/internal/service/github_oauth.go:202.53,204.3 1 0
github.com/yunhou/users/internal/service/github_oauth.go:206.2,207.16 2 1
github.com/yunhou/users/internal/service/github_oauth.go:207.16,209.3 1 0
github.com/yunhou/users/internal/service/github_oauth.go:213.2,220.54 2 1
github.com/yunhou/users/internal/service/github_oauth.go:220.54,222.3 1 1
github.com/yunhou/users/internal/service/github_oauth.go:223.2,223.24 1 1
github.com/yunhou/users/internal/service/github_oauth.go:223.24,225.3 1 1
github.com/yunhou/users/internal/service/github_oauth.go:226.2,226.30 1 1
github.com/yunhou/users/internal/service/github_oauth.go:226.30,228.3 1 1
github.com/yunhou/users/internal/service/github_oauth.go:229.2,229.32 1 1
github.com/yunhou/users/internal/service/github_oauth.go:239.117,240.23 1 1
github.com/yunhou/users/internal/service/github_oauth.go:240.23,242.3 1 1
github.com/yunhou/users/internal/service/github_oauth.go:243.2,244.16 2 1
github.com/yunhou/users/internal/service/github_oauth.go:244.16,246.3 1 1
github.com/yunhou/users/internal/service/github_oauth.go:247.2,247.18 1 1
github.com/yunhou/users/internal/service/github_oauth.go:259.137,260.23 1 1
github.com/yunhou/users/internal/service/github_oauth.go:260.23,262.3 1 0
github.com/yunhou/users/internal/service/github_oauth.go:263.2,264.16 2 1
github.com/yunhou/users/internal/service/github_oauth.go:264.16,266.3 1 1
github.com/yunhou/users/internal/service/github_oauth.go:267.2,278.39 3 1
github.com/yunhou/users/internal/service/github_oauth.go:278.39,280.3 1 1
github.com/yunhou/users/internal/service/github_oauth.go:281.2,287.8 1 1
github.com/yunhou/users/internal/service/github_oauth.go:294.105,297.2 2 1
github.com/yunhou/users/internal/service/github_oauth.go:302.105,305.2 2 1
github.com/yunhou/users/internal/service/github_oauth.go:313.144,315.16 2 1
github.com/yunhou/users/internal/service/github_oauth.go:315.16,317.3 1 0
github.com/yunhou/users/internal/service/github_oauth.go:318.2,321.16 4 1
github.com/yunhou/users/internal/service/github_oauth.go:321.16,323.3 1 1
github.com/yunhou/users/internal/service/github_oauth.go:324.2,325.38 2 1
github.com/yunhou/users/internal/service/github_oauth.go:325.38,327.3 1 1
github.com/yunhou/users/internal/service/github_oauth.go:328.2,333.92 2 1
github.com/yunhou/users/internal/service/github_oauth.go:333.92,335.3 1 1
github.com/yunhou/users/internal/service/github_oauth.go:337.2,337.27 1 1
github.com/yunhou/users/internal/service/github_oauth.go:337.27,338.30 1 1
github.com/yunhou/users/internal/service/github_oauth.go:338.30,340.4 1 1
github.com/yunhou/users/internal/service/github_oauth.go:343.2,343.27 1 1
github.com/yunhou/users/internal/service/github_oauth.go:343.27,344.17 1 1
github.com/yunhou/users/internal/service/github_oauth.go:344.17,346.4 1 1
github.com/yunhou/users/internal/service/github_oauth.go:350.2,350.18 1 1
github.com/yunhou/users/internal/service/github_oauth.go:362.11,371.16 3 1
github.com/yunhou/users/internal/service/github_oauth.go:371.16,373.3 1 0
github.com/yunhou/users/internal/service/github_oauth.go:374.2,379.16 5 1
github.com/yunhou/users/internal/service/github_oauth.go:379.16,381.3 1 0
github.com/yunhou/users/internal/service/github_oauth.go:382.2,384.91 2 1
github.com/yunhou/users/internal/service/github_oauth.go:384.91,386.3 1 1
github.com/yunhou/users/internal/service/github_oauth.go:387.2,387.38 1 1
github.com/yunhou/users/internal/service/github_oauth.go:387.38,389.3 1 1
github.com/yunhou/users/internal/service/github_oauth.go:390.2,390.91 1 1
github.com/yunhou/users/internal/service/github_oauth.go:390.91,392.3 1 1
github.com/yunhou/users/internal/service/github_oauth.go:393.2,393.19 1 1
github.com/yunhou/users/internal/service/github_oauth.go:393.19,395.3 1 1
github.com/yunhou/users/internal/service/github_oauth.go:396.2,396.19 1 1
github.com/yunhou/users/internal/service/oauth_provider.go:34.84,36.2 1 1
github.com/yunhou/users/internal/service/oauth_provider.go:41.72,43.2 1 1
github.com/yunhou/users/internal/service/oauth_provider.go:50.75,53.2 2 1
github.com/yunhou/users/internal/service/oauth_provider.go:58.80,61.2 2 1
github.com/yunhou/users/internal/service/oauth_provider.go:65.38,67.2 1 1
github.com/yunhou/users/internal/service/oauth_provider.go:69.45,70.27 1 1
github.com/yunhou/users/internal/service/oauth_provider.go:70.27,71.14 1 1
github.com/yunhou/users/internal/service/oauth_provider.go:71.14,73.4 1 1
github.com/yunhou/users/internal/service/oauth_provider.go:75.2,75.11 1 1
github.com/yunhou/users/internal/service/payment.go:68.19,69.22 1 1
github.com/yunhou/users/internal/service/payment.go:69.22,71.3 1 1
github.com/yunhou/users/internal/service/payment.go:72.2,84.3 1 1
github.com/yunhou/users/internal/service/payment.go:94.104,96.16 2 1
github.com/yunhou/users/internal/service/payment.go:96.16,97.36 1 1
github.com/yunhou/users/internal/service/payment.go:97.36,99.4 1 1
github.com/yunhou/users/internal/service/payment.go:100.3,100.47 1 1
github.com/yunhou/users/internal/service/payment.go:102.2,102.20 1 1
github.com/yunhou/users/internal/service/payment.go:102.20,104.3 1 1
github.com/yunhou/users/internal/service/payment.go:114.2,114.69 1 1
github.com/yunhou/users/internal/service/payment.go:114.69,116.3 1 1
github.com/yunhou/users/internal/service/payment.go:116.8,116.43 1 1
github.com/yunhou/users/internal/service/payment.go:116.43,118.3 1 0
github.com/yunhou/users/internal/service/payment.go:120.2,129.55 2 1
github.com/yunhou/users/internal/service/payment.go:129.55,131.3 1 0
github.com/yunhou/users/internal/service/payment.go:132.2,132.19 1 1
github.com/yunhou/users/internal/service/payment.go:138.89,140.16 2 1
github.com/yunhou/users/internal/service/payment.go:140.16,142.3 1 0
github.com/yunhou/users/internal/service/payment.go:143.2,143.9 1 1
github.com/yunhou/users/internal/service/payment.go:143.9,147.18 2 1
github.com/yunhou/users/internal/service/payment.go:147.18,148.38 1 1
github.com/yunhou/users/internal/service/payment.go:148.38,150.5 1 1
github.com/yunhou/users/internal/service/payment.go:151.4,151.48 1 0
github.com/yunhou/users/internal/service/payment.go:153.3,153.25 1 1
github.com/yunhou/users/internal/service/payment.go:153.25,155.4 1 1
github.com/yunhou/users/internal/service/payment.go:156.3,156.28 1 1
github.com/yunhou/users/internal/service/payment.go:158.2,158.12 1 1
github.com/yunhou/users/internal/service/payment.go:168.102,170.16 2 1
github.com/yunhou/users/internal/service/payment.go:170.16,171.36 1 1
github.com/yunhou/users/internal/service/payment.go:171.36,173.4 1 1
github.com/yunhou/users/internal/service/payment.go:174.3,174.48 1 0
github.com/yunhou/users/internal/service/payment.go:176.2,176.24 1 1
github.com/yunhou/users/internal/service/payment.go:176.24,178.3 1 1
github.com/yunhou/users/internal/service/payment.go:179.2,179.15 1 1
github.com/yunhou/users/internal/service/payment.go:183.104,185.2 1 1
github.com/yunhou/users/internal/service/payment.go:189.108,191.16 2 1
github.com/yunhou/users/internal/service/payment.go:191.16,192.36 1 1
github.com/yunhou/users/internal/service/payment.go:192.36,194.4 1 1
github.com/yunhou/users/internal/service/payment.go:195.3,195.50 1 0
github.com/yunhou/users/internal/service/payment.go:197.2,198.17 2 1
github.com/yunhou/users/internal/service/payment.go:198.17,200.3 1 0
github.com/yunhou/users/internal/service/payment.go:201.2,201.24 1 1
github.com/yunhou/users/internal/service/payment.go:201.24,203.3 1 1
github.com/yunhou/users/internal/service/payment.go:204.2,204.15 1 1
github.com/yunhou/users/internal/service/payment.go:208.116,210.16 2 1
github.com/yunhou/users/internal/service/payment.go:210.16,212.3 1 0
github.com/yunhou/users/internal/service/payment.go:213.2,213.48 1 1
github.com/yunhou/users/internal/service/payment.go:217.105,219.16 2 1
github.com/yunhou/users/internal/service/payment.go:219.16,220.36 1 1
github.com/yunhou/users/internal/service/payment.go:220.36,222.4 1 1
github.com/yunhou/users/internal/service/payment.go:223.3,223.49 1 0
github.com/yunhou/users/internal/service/payment.go:225.2,226.17 2 1
github.com/yunhou/users/internal/service/payment.go:226.17,228.3 1 0
github.com/yunhou/users/internal/service/payment.go:229.2,230.17 2 1
github.com/yunhou/users/internal/service/payment.go:230.17,232.3 1 0
github.com/yunhou/users/internal/service/payment.go:233.2,233.24 1 1
github.com/yunhou/users/internal/service/payment.go:233.24,235.3 1 1
github.com/yunhou/users/internal/service/payment.go:236.2,236.15 1 1
github.com/yunhou/users/internal/service/payment.go:266.96,267.52 1 1
github.com/yunhou/users/internal/service/payment.go:267.52,269.3 1 1
github.com/yunhou/users/internal/service/payment.go:271.2,272.16 2 1
github.com/yunhou/users/internal/service/payment.go:272.16,273.36 1 1
github.com/yunhou/users/internal/service/payment.go:273.36,275.4 1 1
github.com/yunhou/users/internal/service/payment.go:276.3,276.48 1 0
github.com/yunhou/users/internal/service/payment.go:278.2,278.31 1 1
github.com/yunhou/users/internal/service/payment.go:278.31,280.3 1 0
github.com/yunhou/users/internal/service/payment.go:284.2,284.22 1 1
github.com/yunhou/users/internal/service/payment.go:285.28,286.38 1 1
github.com/yunhou/users/internal/service/payment.go:295.2,296.16 2 1
github.com/yunhou/users/internal/service/payment.go:296.16,298.3 1 0
github.com/yunhou/users/internal/service/payment.go:299.2,310.9 4 1
github.com/yunhou/users/internal/service/payment.go:311.18,312.36 1 1
github.com/yunhou/users/internal/service/payment.go:312.36,314.4 1 1
github.com/yunhou/users/internal/service/payment.go:315.37,315.37 0 1
github.com/yunhou/users/internal/service/payment.go:317.10,318.60 1 0
github.com/yunhou/users/internal/service/payment.go:321.2,339.16 5 1
github.com/yunhou/users/internal/service/payment.go:339.16,341.3 1 0
github.com/yunhou/users/internal/service/payment.go:342.2,342.15 1 1
github.com/yunhou/users/internal/service/payment.go:342.15,348.18 2 1
github.com/yunhou/users/internal/service/payment.go:348.18,350.4 1 0
github.com/yunhou/users/internal/service/payment.go:351.3,351.34 1 1
github.com/yunhou/users/internal/service/payment.go:351.34,353.4 1 0
github.com/yunhou/users/internal/service/payment.go:356.3,356.26 1 1
github.com/yunhou/users/internal/service/payment.go:360.2,361.16 2 1
github.com/yunhou/users/internal/service/payment.go:361.16,363.3 1 0
github.com/yunhou/users/internal/service/payment.go:366.2,371.16 3 1
github.com/yunhou/users/internal/service/payment.go:371.16,373.3 1 0
github.com/yunhou/users/internal/service/payment.go:374.2,377.29 3 1
github.com/yunhou/users/internal/service/payment.go:377.29,383.17 1 1
github.com/yunhou/users/internal/service/payment.go:383.17,385.4 1 0
github.com/yunhou/users/internal/service/payment.go:388.2,388.36 1 1
github.com/yunhou/users/internal/service/payment.go:388.36,390.3 1 0
github.com/yunhou/users/internal/service/payment.go:392.2,398.8 1 1
github.com/yunhou/users/internal/service/payment.go:423.93,424.29 1 1
github.com/yunhou/users/internal/service/payment.go:424.29,426.3 1 1
github.com/yunhou/users/internal/service/payment.go:427.2,427.20 1 1
github.com/yunhou/users/internal/service/payment.go:427.20,429.3 1 1
github.com/yunhou/users/internal/service/payment.go:434.2,434.122 1 1
github.com/yunhou/users/internal/service/payment.go:434.122,436.3 1 1
github.com/yunhou/users/internal/service/payment.go:436.8,436.57 1 1
github.com/yunhou/users/internal/service/payment.go:436.57,438.3 1 0
github.com/yunhou/users/internal/service/payment.go:440.2,441.16 2 1
github.com/yunhou/users/internal/service/payment.go:441.16,442.36 1 1
github.com/yunhou/users/internal/service/payment.go:442.36,444.4 1 1
github.com/yunhou/users/internal/service/payment.go:445.3,445.50 1 0
github.com/yunhou/users/internal/service/payment.go:450.2,451.17 2 1
github.com/yunhou/users/internal/service/payment.go:451.17,453.3 1 0
github.com/yunhou/users/internal/service/payment.go:454.2,454.21 1 1
github.com/yunhou/users/internal/service/payment.go:454.21,455.28 1 1
github.com/yunhou/users/internal/service/payment.go:455.28,457.4 1 0
github.com/yunhou/users/internal/service/payment.go:459.2,459.30 1 1
github.com/yunhou/users/internal/service/payment.go:459.30,461.3 1 1
github.com/yunhou/users/internal/service/payment.go:462.2,462.32 1 1
github.com/yunhou/users/internal/service/payment.go:462.32,464.3 1 1
github.com/yunhou/users/internal/service/payment.go:469.2,470.16 2 1
github.com/yunhou/users/internal/service/payment.go:470.16,472.3 1 0
github.com/yunhou/users/internal/service/payment.go:473.2,478.83 3 1
github.com/yunhou/users/internal/service/payment.go:478.83,480.3 1 0
github.com/yunhou/users/internal/service/payment.go:488.2,490.131 2 1
github.com/yunhou/users/internal/service/payment.go:490.131,492.3 1 0
github.com/yunhou/users/internal/service/payment.go:493.2,493.42 1 1
github.com/yunhou/users/internal/service/payment.go:493.42,495.3 1 1
github.com/yunhou/users/internal/service/payment.go:499.2,500.16 2 1
github.com/yunhou/users/internal/service/payment.go:500.16,502.3 1 1
github.com/yunhou/users/internal/service/payment.go:508.2,523.25 3 1
github.com/yunhou/users/internal/service/payment.go:523.25,525.3 1 0
github.com/yunhou/users/internal/service/payment.go:527.2,527.36 1 1
github.com/yunhou/users/internal/service/payment.go:527.36,529.3 1 0
github.com/yunhou/users/internal/service/payment.go:537.2,537.60 1 1
github.com/yunhou/users/internal/service/payment.go:581.99,582.51 1 1
github.com/yunhou/users/internal/service/payment.go:582.51,584.3 1 1
github.com/yunhou/users/internal/service/payment.go:588.2,595.16 3 1
github.com/yunhou/users/internal/service/payment.go:595.16,597.3 1 0
github.com/yunhou/users/internal/service/payment.go:598.2,598.15 1 1
github.com/yunhou/users/internal/service/payment.go:598.15,608.18 2 1
github.com/yunhou/users/internal/service/payment.go:608.18,610.4 1 0
github.com/yunhou/users/internal/service/payment.go:611.3,611.31 1 1
github.com/yunhou/users/internal/service/payment.go:611.31,613.4 1 1
github.com/yunhou/users/internal/service/payment.go:616.3,616.24 1 1
github.com/yunhou/users/internal/service/payment.go:619.2,621.9 2 1
github.com/yunhou/users/internal/service/payment.go:622.37,624.54 2 1
github.com/yunhou/users/internal/service/payment.go:624.54,626.4 1 0
github.com/yunhou/users/internal/service/payment.go:627.36,629.60 2 1
github.com/yunhou/users/internal/service/payment.go:629.60,631.4 1 0
github.com/yunhou/users/internal/service/payment.go:632.36,634.51 2 1
github.com/yunhou/users/internal/service/payment.go:634.51,636.4 1 0
github.com/yunhou/users/internal/service/payment.go:637.34,639.53 2 1
github.com/yunhou/users/internal/service/payment.go:639.53,641.4 1 0
github.com/yunhou/users/internal/service/payment.go:642.37,644.52 2 1
github.com/yunhou/users/internal/service/payment.go:644.52,646.4 1 0
github.com/yunhou/users/internal/service/payment.go:647.36,652.51 2 1
github.com/yunhou/users/internal/service/payment.go:652.51,654.4 1 0
github.com/yunhou/users/internal/service/payment.go:655.10,658.24 1 1
github.com/yunhou/users/internal/service/payment.go:664.2,664.69 1 1
github.com/yunhou/users/internal/service/payment.go:664.69,666.3 1 0
github.com/yunhou/users/internal/service/payment.go:668.2,668.81 1 1
github.com/yunhou/users/internal/service/payment.go:674.88,676.16 2 1
github.com/yunhou/users/internal/service/payment.go:676.16,678.3 1 0
github.com/yunhou/users/internal/service/payment.go:679.2,683.100 3 1
github.com/yunhou/users/internal/service/payment.go:683.100,684.36 1 1
github.com/yunhou/users/internal/service/payment.go:684.36,692.4 1 1
github.com/yunhou/users/internal/service/payment.go:693.3,693.43 1 0
github.com/yunhou/users/internal/service/payment.go:704.2,707.25 2 1
github.com/yunhou/users/internal/service/payment.go:707.25,708.36 1 1
github.com/yunhou/users/internal/service/payment.go:708.36,715.4 1 1
github.com/yunhou/users/internal/service/payment.go:718.2,732.16 4 1
github.com/yunhou/users/internal/service/payment.go:732.16,734.3 1 0
github.com/yunhou/users/internal/service/payment.go:735.2,735.15 1 1
github.com/yunhou/users/internal/service/payment.go:735.15,739.18 2 1
github.com/yunhou/users/internal/service/payment.go:739.18,741.4 1 0
github.com/yunhou/users/internal/service/payment.go:742.3,742.32 1 1
github.com/yunhou/users/internal/service/payment.go:742.32,750.4 1 1
github.com/yunhou/users/internal/service/payment.go:751.3,751.26 1 0
github.com/yunhou/users/internal/service/payment.go:760.2,760.117 1 1
github.com/yunhou/users/internal/service/payment.go:760.117,762.3 1 0
github.com/yunhou/users/internal/service/payment.go:776.2,776.36 1 1
github.com/yunhou/users/internal/service/payment.go:776.36,788.72 1 1
github.com/yunhou/users/internal/service/payment.go:788.72,790.4 1 0
github.com/yunhou/users/internal/service/payment.go:793.2,798.16 3 1
github.com/yunhou/users/internal/service/payment.go:798.16,800.3 1 0
github.com/yunhou/users/internal/service/payment.go:801.2,804.29 3 1
github.com/yunhou/users/internal/service/payment.go:804.29,809.17 1 1
github.com/yunhou/users/internal/service/payment.go:809.17,811.4 1 0
github.com/yunhou/users/internal/service/payment.go:814.2,814.20 1 1
github.com/yunhou/users/internal/service/payment.go:821.85,823.16 2 1
github.com/yunhou/users/internal/service/payment.go:823.16,825.3 1 0
github.com/yunhou/users/internal/service/payment.go:826.2,829.16 3 1
github.com/yunhou/users/internal/service/payment.go:829.16,831.3 1 0
github.com/yunhou/users/internal/service/payment.go:832.2,832.20 1 1
github.com/yunhou/users/internal/service/payment.go:832.20,834.3 1 1
github.com/yunhou/users/internal/service/payment.go:836.2,841.16 3 1
github.com/yunhou/users/internal/service/payment.go:841.16,843.3 1 0
github.com/yunhou/users/internal/service/payment.go:844.2,845.12 2 1
github.com/yunhou/users/internal/service/payment.go:845.12,847.37 1 1
github.com/yunhou/users/internal/service/payment.go:847.37,849.4 1 0
github.com/yunhou/users/internal/service/payment.go:850.3,850.13 1 1
github.com/yunhou/users/internal/service/payment.go:854.2,855.106 2 1
github.com/yunhou/users/internal/service/payment.go:855.106,857.3 1 0
github.com/yunhou/users/internal/service/payment.go:858.2,861.27 1 1
github.com/yunhou/users/internal/service/payment.go:861.27,863.3 1 0
github.com/yunhou/users/internal/service/payment.go:865.2,865.13 1 1
github.com/yunhou/users/internal/service/payment.go:865.13,873.46 1 1
github.com/yunhou/users/internal/service/payment.go:873.46,875.4 1 0
github.com/yunhou/users/internal/service/payment.go:876.3,880.17 1 1
github.com/yunhou/users/internal/service/payment.go:880.17,882.4 1 0
github.com/yunhou/users/internal/service/payment.go:885.2,885.20 1 1
github.com/yunhou/users/internal/service/payment.go:891.87,893.16 2 1
github.com/yunhou/users/internal/service/payment.go:893.16,895.3 1 0
github.com/yunhou/users/internal/service/payment.go:896.2,902.45 3 1
github.com/yunhou/users/internal/service/payment.go:902.45,903.36 1 1
github.com/yunhou/users/internal/service/payment.go:903.36,909.4 1 1
github.com/yunhou/users/internal/service/payment.go:910.3,910.45 1 0
github.com/yunhou/users/internal/service/payment.go:915.2,916.106 2 1
github.com/yunhou/users/internal/service/payment.go:916.106,918.3 1 0
github.com/yunhou/users/internal/service/payment.go:928.2,936.9 4 1
github.com/yunhou/users/internal/service/payment.go:937.18,937.18 0 1
github.com/yunhou/users/internal/service/payment.go:939.37,943.50 1 1
github.com/yunhou/users/internal/service/payment.go:943.50,945.4 1 0
github.com/yunhou/users/internal/service/payment.go:946.10,947.46 1 0
github.com/yunhou/users/internal/service/payment.go:951.2,954.27 1 1
github.com/yunhou/users/internal/service/payment.go:954.27,956.3 1 0
github.com/yunhou/users/internal/service/payment.go:962.2,962.56 1 1
github.com/yunhou/users/internal/service/payment.go:962.56,967.30 1 1
github.com/yunhou/users/internal/service/payment.go:967.30,969.4 1 0
github.com/yunhou/users/internal/service/payment.go:970.3,971.107 2 1
github.com/yunhou/users/internal/service/payment.go:971.107,973.4 1 0
github.com/yunhou/users/internal/service/payment.go:974.3,977.28 1 1
github.com/yunhou/users/internal/service/payment.go:977.28,979.4 1 0
github.com/yunhou/users/internal/service/payment.go:984.3,987.46 1 1
github.com/yunhou/users/internal/service/payment.go:987.46,989.4 1 0
github.com/yunhou/users/internal/service/payment.go:990.3,994.17 1 1
github.com/yunhou/users/internal/service/payment.go:994.17,996.4 1 0
github.com/yunhou/users/internal/service/payment.go:1000.2,1000.20 1 1
github.com/yunhou/users/internal/service/payment.go:1003.86,1005.16 2 1
github.com/yunhou/users/internal/service/payment.go:1005.16,1007.3 1 0
github.com/yunhou/users/internal/service/payment.go:1008.2,1013.45 3 1
github.com/yunhou/users/internal/service/payment.go:1013.45,1014.36 1 1
github.com/yunhou/users/internal/service/payment.go:1014.36,1016.4 1 1
github.com/yunhou/users/internal/service/payment.go:1017.3,1017.45 1 0
github.com/yunhou/users/internal/service/payment.go:1019.2,1022.29 1 1
github.com/yunhou/users/internal/service/payment.go:1022.29,1024.3 1 0
github.com/yunhou/users/internal/service/payment.go:1025.2,1025.20 1 1
github.com/yunhou/users/internal/service/payment.go:1030.85,1041.2 2 1
github.com/yunhou/users/internal/service/payment.go:1056.94,1057.36 1 1
github.com/yunhou/users/internal/service/payment.go:1057.36,1062.3 1 1
github.com/yunhou/users/internal/service/payment.go:1064.2,1065.16 2 1
github.com/yunhou/users/internal/service/payment.go:1065.16,1067.3 1 0
github.com/yunhou/users/internal/service/payment.go:1068.2,1077.45 2 1
github.com/yunhou/users/internal/service/payment.go:1077.45,1079.3 1 0
github.com/yunhou/users/internal/service/payment.go:1081.2,1085.16 3 1
github.com/yunhou/users/internal/service/payment.go:1085.16,1086.36 1 1
github.com/yunhou/users/internal/service/payment.go:1086.36,1094.4 1 1
github.com/yunhou/users/internal/service/payment.go:1095.3,1095.69 1 0
github.com/yunhou/users/internal/service/payment.go:1104.2,1108.9 3 1
github.com/yunhou/users/internal/service/payment.go:1109.18,1120.6 1 1
github.com/yunhou/users/internal/service/payment.go:1121.37,1121.37 0 1
github.com/yunhou/users/internal/service/payment.go:1123.10,1124.70 1 0
github.com/yunhou/users/internal/service/payment.go:1127.2,1138.27 3 1
github.com/yunhou/users/internal/service/payment.go:1138.27,1140.3 1 1
github.com/yunhou/users/internal/service/payment.go:1141.2,1146.16 2 1
github.com/yunhou/users/internal/service/payment.go:1146.16,1148.3 1 0
github.com/yunhou/users/internal/service/payment.go:1150.2,1162.16 4 1
github.com/yunhou/users/internal/service/payment.go:1162.16,1164.3 1 0
github.com/yunhou/users/internal/service/payment.go:1166.2,1166.27 1 1
github.com/yunhou/users/internal/service/payment.go:1166.27,1177.17 2 1
github.com/yunhou/users/internal/service/payment.go:1177.17,1179.4 1 0
github.com/yunhou/users/internal/service/payment.go:1180.3,1181.39 2 1
github.com/yunhou/users/internal/service/payment.go:1181.39,1191.4 1 1
github.com/yunhou/users/internal/service/payment.go:1192.8,1209.3 1 1
github.com/yunhou/users/internal/service/payment.go:1211.2,1220.18 1 1
github.com/yunhou/users/internal/service/payment.go:1220.18,1222.3 1 0
github.com/yunhou/users/internal/service/payment.go:1224.2,1224.20 1 1
github.com/yunhou/users/internal/service/payment.go:1234.98,1244.16 5 1
github.com/yunhou/users/internal/service/payment.go:1244.16,1245.36 1 1
github.com/yunhou/users/internal/service/payment.go:1245.36,1247.4 1 1
github.com/yunhou/users/internal/service/payment.go:1248.3,1248.24 1 0
github.com/yunhou/users/internal/service/payment.go:1250.2,1250.22 1 1
github.com/yunhou/users/internal/service/payment.go:1257.124,1272.16 2 1
github.com/yunhou/users/internal/service/payment.go:1272.16,1274.3 1 0
github.com/yunhou/users/internal/service/payment.go:1278.2,1280.12 2 1
github.com/yunhou/users/internal/service/payment.go:1280.12,1286.17 2 1
github.com/yunhou/users/internal/service/payment.go:1286.17,1288.4 1 0
github.com/yunhou/users/internal/service/payment.go:1289.3,1289.19 1 1
github.com/yunhou/users/internal/service/payment.go:1291.2,1291.19 1 1
github.com/yunhou/users/internal/service/payment.go:1295.130,1308.2 3 1
github.com/yunhou/users/internal/service/payment.go:1313.133,1321.2 1 1
github.com/yunhou/users/internal/service/payment.go:1326.124,1331.16 3 1
github.com/yunhou/users/internal/service/payment.go:1331.16,1333.3 1 1
github.com/yunhou/users/internal/service/payment.go:1334.2,1334.36 1 1
github.com/yunhou/users/internal/service/payment.go:1334.36,1336.3 1 0
github.com/yunhou/users/internal/service/payment.go:1338.2,1339.100 2 1
github.com/yunhou/users/internal/service/payment.go:1339.100,1340.36 1 1
github.com/yunhou/users/internal/service/payment.go:1340.36,1342.4 1 1
github.com/yunhou/users/internal/service/payment.go:1343.3,1343.48 1 0
github.com/yunhou/users/internal/service/payment.go:1345.2,1361.21 3 0
github.com/yunhou/users/internal/service/payment.go:1361.21,1363.3 1 0
github.com/yunhou/users/internal/service/payment.go:1364.2,1364.16 1 0
github.com/yunhou/users/internal/service/payment.go:1371.44,1372.17 1 1
github.com/yunhou/users/internal/service/payment.go:1373.50,1374.13 1 1
github.com/yunhou/users/internal/service/payment.go:1375.10,1376.58 1 1
github.com/yunhou/users/internal/service/payment.go:1382.46,1383.19 1 1
github.com/yunhou/users/internal/service/payment.go:1387.63,1388.14 1 1
github.com/yunhou/users/internal/service/payment.go:1390.2,1390.14 1 1
github.com/yunhou/users/internal/service/payment.go:1393.45,1394.19 1 1
github.com/yunhou/users/internal/service/payment.go:1397.54,1398.14 1 1
github.com/yunhou/users/internal/service/payment.go:1400.2,1400.14 1 1
github.com/yunhou/users/internal/service/payment.go:1403.43,1404.19 1 1
github.com/yunhou/users/internal/service/payment.go:1408.55,1409.14 1 1
github.com/yunhou/users/internal/service/payment.go:1411.2,1411.14 1 1
github.com/yunhou/users/internal/service/payment.go:1414.46,1416.2 1 1
github.com/yunhou/users/internal/service/payment.go:1418.45,1420.2 1 1
github.com/yunhou/users/internal/service/payment.go:1426.45,1428.2 1 1
github.com/yunhou/users/internal/service/payment.go:1432.57,1434.2 1 1
github.com/yunhou/users/internal/service/payment.go:1436.49,1439.2 2 1
github.com/yunhou/users/internal/service/payment.go:1446.31,1447.12 1 1
github.com/yunhou/users/internal/service/payment.go:1447.12,1449.3 1 1
github.com/yunhou/users/internal/service/payment.go:1450.2,1451.20 2 1
github.com/yunhou/users/internal/service/payment.go:1451.20,1453.3 1 0
github.com/yunhou/users/internal/service/payment.go:1454.2,1454.10 1 1
github.com/yunhou/users/internal/service/plan.go:15.58,17.2 1 1
github.com/yunhou/users/internal/service/plan.go:19.76,21.2 1 1
github.com/yunhou/users/internal/service/plan.go:23.84,25.2 1 1
github.com/yunhou/users/internal/service/plan.go:31.90,33.2 1 1
github.com/yunhou/users/internal/service/plan.go:35.76,37.2 1 1
github.com/yunhou/users/internal/service/plan.go:39.76,41.2 1 1
github.com/yunhou/users/internal/service/plan.go:43.72,45.2 1 1
github.com/yunhou/users/internal/service/plan.go:48.103,49.16 1 1
github.com/yunhou/users/internal/service/plan.go:49.16,52.17 2 1
github.com/yunhou/users/internal/service/plan.go:52.17,54.4 1 0
github.com/yunhou/users/internal/service/plan.go:55.3,55.50 1 1
github.com/yunhou/users/internal/service/plan.go:58.2,59.16 2 1
github.com/yunhou/users/internal/service/plan.go:59.16,61.3 1 0
github.com/yunhou/users/internal/service/plan.go:62.2,62.42 1 1
github.com/yunhou/users/internal/service/provider_token.go:30.95,32.2 1 1
github.com/yunhou/users/internal/service/provider_token.go:43.110,45.35 2 1
github.com/yunhou/users/internal/service/provider_token.go:45.35,47.3 1 1
github.com/yunhou/users/internal/service/provider_token.go:48.2,48.16 1 1
github.com/yunhou/users/internal/service/provider_token.go:48.16,50.3 1 1
github.com/yunhou/users/internal/service/provider_token.go:51.2,51.19 1 1
github.com/yunhou/users/internal/service/provider_token.go:51.19,53.3 1 1
github.com/yunhou/users/internal/service/provider_token.go:54.2,55.25 2 1
github.com/yunhou/users/internal/service/provider_token.go:55.25,56.58 1 1
github.com/yunhou/users/internal/service/provider_token.go:56.58,58.4 1 0
github.com/yunhou/users/internal/service/provider_token.go:60.2,60.25 1 1
github.com/yunhou/users/internal/service/provider_token.go:60.25,62.3 1 1
github.com/yunhou/users/internal/service/provider_token.go:63.2,63.71 1 1
github.com/yunhou/users/internal/service/provider_token.go:63.71,65.3 1 1
github.com/yunhou/users/internal/service/provider_token.go:66.2,67.61 2 1
github.com/yunhou/users/internal/service/quote.go:25.73,27.2 1 1
github.com/yunhou/users/internal/service/quote.go:37.101,39.35 2 1
github.com/yunhou/users/internal/service/quote.go:39.35,41.3 1 1
github.com/yunhou/users/internal/service/quote.go:42.2,42.16 1 1
github.com/yunhou/users/internal/service/quote.go:42.16,44.3 1 1
github.com/yunhou/users/internal/service/quote.go:45.2,45.20 1 1
github.com/yunhou/users/internal/service/quote.go:45.20,47.3 1 1
github.com/yunhou/users/internal/service/quote.go:48.2,48.40 1 1
github.com/yunhou/users/internal/service/quote.go:48.40,50.3 1 1
github.com/yunhou/users/internal/service/quote.go:52.2,53.35 2 1
github.com/yunhou/users/internal/service/quote.go:53.35,55.3 1 1
github.com/yunhou/users/internal/service/quote.go:56.2,56.16 1 1
github.com/yunhou/users/internal/service/quote.go:56.16,60.37 1 1
github.com/yunhou/users/internal/service/quote.go:60.37,62.4 1 0
github.com/yunhou/users/internal/service/quote.go:63.3,63.46 1 1
github.com/yunhou/users/internal/service/quote.go:65.2,65.19 1 1
github.com/yunhou/users/internal/service/quote.go:65.19,67.3 1 1
github.com/yunhou/users/internal/service/quote.go:69.2,70.25 2 1
github.com/yunhou/users/internal/service/quote.go:70.25,71.58 1 1
github.com/yunhou/users/internal/service/quote.go:71.58,73.4 1 1
github.com/yunhou/users/internal/service/quote.go:76.2,86.8 3 1
github.com/yunhou/users/internal/service/quote.go:94.88,97.22 3 1
github.com/yunhou/users/internal/service/quote.go:97.22,99.3 1 1
github.com/yunhou/users/internal/service/quote.go:100.2,100.57 1 1
github.com/yunhou/users/internal/service/quote.go:100.57,101.40 1 1
github.com/yunhou/users/internal/service/quote.go:101.40,102.55 1 1
github.com/yunhou/users/internal/service/quote.go:102.55,111.5 1 1
github.com/yunhou/users/internal/service/quote.go:114.2,114.12 1 1
github.com/yunhou/users/internal/service/subscription.go:20.103,22.2 1 1
github.com/yunhou/users/internal/service/subscription.go:24.133,30.35 2 1
github.com/yunhou/users/internal/service/subscription.go:30.35,32.3 1 1
github.com/yunhou/users/internal/service/subscription.go:33.2,33.16 1 1
github.com/yunhou/users/internal/service/subscription.go:33.16,35.3 1 1
github.com/yunhou/users/internal/service/subscription.go:36.2,36.20 1 1
github.com/yunhou/users/internal/service/subscription.go:36.20,38.3 1 1
github.com/yunhou/users/internal/service/subscription.go:39.2,39.20 1 1
github.com/yunhou/users/internal/service/subscription.go:39.20,41.3 1 1
github.com/yunhou/users/internal/service/subscription.go:45.2,46.27 2 1
github.com/yunhou/users/internal/service/subscription.go:46.27,49.3 2 0
github.com/yunhou/users/internal/service/subscription.go:52.2,53.50 2 1
github.com/yunhou/users/internal/service/subscription.go:53.50,55.3 1 1
github.com/yunhou/users/internal/service/subscription.go:56.2,56.21 1 1
github.com/yunhou/users/internal/service/subscription.go:56.21,58.3 1 1
github.com/yunhou/users/internal/service/subscription.go:60.2,68.51 2 1
github.com/yunhou/users/internal/service/subscription.go:68.51,69.26 1 1
github.com/yunhou/users/internal/service/subscription.go:69.26,71.4 1 1
github.com/yunhou/users/internal/service/subscription.go:72.3,72.57 1 1
github.com/yunhou/users/internal/service/subscription.go:74.2,74.17 1 1
github.com/yunhou/users/internal/service/subscription.go:77.120,79.35 2 1
github.com/yunhou/users/internal/service/subscription.go:79.35,81.3 1 1
github.com/yunhou/users/internal/service/subscription.go:82.2,82.16 1 1
github.com/yunhou/users/internal/service/subscription.go:82.16,84.3 1 0
github.com/yunhou/users/internal/service/subscription.go:85.2,85.31 1 1
github.com/yunhou/users/internal/service/subscription.go:85.31,87.3 1 1
github.com/yunhou/users/internal/service/subscription.go:88.2,88.60 1 1
github.com/yunhou/users/internal/service/subscription.go:88.60,90.3 1 0
github.com/yunhou/users/internal/service/subscription.go:91.2,91.36 1 1
github.com/yunhou/users/internal/service/subscription.go:96.84,98.35 2 1
github.com/yunhou/users/internal/service/subscription.go:98.35,100.3 1 1
github.com/yunhou/users/internal/service/subscription.go:101.2,101.16 1 1
github.com/yunhou/users/internal/service/subscription.go:101.16,103.3 1 0
github.com/yunhou/users/internal/service/subscription.go:104.2,104.26 1 1
github.com/yunhou/users/internal/service/subscription.go:104.26,108.3 1 1
github.com/yunhou/users/internal/service/subscription.go:109.2,109.31 1 1
github.com/yunhou/users/internal/service/subscription.go:109.31,111.3 1 1
github.com/yunhou/users/internal/service/subscription.go:112.2,112.53 1 1
github.com/yunhou/users/internal/service/subscription.go:116.129,118.16 2 1
github.com/yunhou/users/internal/service/subscription.go:118.16,120.36 1 1
github.com/yunhou/users/internal/service/subscription.go:120.36,122.22 2 1
github.com/yunhou/users/internal/service/subscription.go:122.22,124.5 1 1
github.com/yunhou/users/internal/service/subscription.go:125.4,125.25 1 1
github.com/yunhou/users/internal/service/subscription.go:127.3,127.59 1 1
github.com/yunhou/users/internal/service/subscription.go:129.2,129.16 1 1
github.com/yunhou/users/internal/service/subscription.go:129.16,132.17 2 0
github.com/yunhou/users/internal/service/subscription.go:132.17,134.4 1 0
github.com/yunhou/users/internal/service/subscription.go:135.3,135.24 1 0
github.com/yunhou/users/internal/service/subscription.go:137.2,138.16 2 1
github.com/yunhou/users/internal/service/subscription.go:138.16,140.3 1 1
github.com/yunhou/users/internal/service/subscription.go:141.2,141.23 1 1
github.com/yunhou/users/internal/service/subscription.go:145.119,147.2 1 1
github.com/yunhou/users/internal/service/subscription.go:153.37,155.28 2 1
github.com/yunhou/users/internal/service/subscription.go:155.28,157.3 1 0
github.com/yunhou/users/internal/service/subscription.go:158.2,158.57 1 1
github.com/yunhou/users/internal/service/subscription.go:158.57,160.3 1 1
github.com/yunhou/users/internal/service/subscription.go:161.2,161.14 1 1
github.com/yunhou/users/internal/service/sweeper.go:32.86,33.19 1 1
github.com/yunhou/users/internal/service/sweeper.go:33.19,35.3 1 1
github.com/yunhou/users/internal/service/sweeper.go:36.2,41.3 1 1
github.com/yunhou/users/internal/service/sweeper.go:46.51,48.2 1 1
github.com/yunhou/users/internal/service/sweeper.go:52.31,53.19 1 1
github.com/yunhou/users/internal/service/sweeper.go:53.19,55.3 1 1
github.com/yunhou/users/internal/service/sweeper.go:56.2,56.10 1 1
github.com/yunhou/users/internal/service/sweeper.go:59.49,68.6 5 1
github.com/yunhou/users/internal/service/sweeper.go:68.6,69.10 1 1
github.com/yunhou/users/internal/service/sweeper.go:70.21,71.10 1 0
github.com/yunhou/users/internal/service/sweeper.go:72.17,73.10 1 1
github.com/yunhou/users/internal/service/sweeper.go:74.14,75.15 1 0
github.com/yunhou/users/internal/service/sweeper.go:82.50,89.16 4 1
github.com/yunhou/users/internal/service/sweeper.go:89.16,92.3 2 0
github.com/yunhou/users/internal/service/sweeper.go:93.2,93.11 1 1
github.com/yunhou/users/internal/service/sweeper.go:93.11,95.3 1 1
github.com/yunhou/users/internal/service/sweeper.go:100.70,102.16 2 1
github.com/yunhou/users/internal/service/sweeper.go:102.16,104.3 1 1
github.com/yunhou/users/internal/service/sweeper.go:105.2,105.15 1 1
github.com/yunhou/users/internal/service/token.go:29.126,31.16 2 1
github.com/yunhou/users/internal/service/token.go:31.16,33.3 1 1
github.com/yunhou/users/internal/service/token.go:34.2,35.16 2 1
github.com/yunhou/users/internal/service/token.go:35.16,37.3 1 1
github.com/yunhou/users/internal/service/token.go:38.2,45.8 1 1
github.com/yunhou/users/internal/service/token.go:54.94,71.2 7 1
github.com/yunhou/users/internal/service/token.go:73.81,74.102 1 1
github.com/yunhou/users/internal/service/token.go:74.102,78.53 1 1
github.com/yunhou/users/internal/service/token.go:78.53,80.4 1 0
github.com/yunhou/users/internal/service/token.go:81.3,81.26 1 1
github.com/yunhou/users/internal/service/token.go:83.2,83.16 1 1
github.com/yunhou/users/internal/service/token.go:83.16,85.3 1 1
github.com/yunhou/users/internal/service/token.go:86.2,87.25 2 1
github.com/yunhou/users/internal/service/token.go:87.25,89.3 1 0
github.com/yunhou/users/internal/service/token.go:94.2,94.37 1 1
github.com/yunhou/users/internal/service/token.go:94.37,96.3 1 1
github.com/yunhou/users/internal/service/token.go:97.2,97.24 1 1
github.com/yunhou/users/internal/service/token.go:97.24,99.39 2 1
github.com/yunhou/users/internal/service/token.go:99.39,100.27 1 1
github.com/yunhou/users/internal/service/token.go:100.27,102.10 2 1
github.com/yunhou/users/internal/service/token.go:105.3,105.15 1 1
github.com/yunhou/users/internal/service/token.go:105.15,107.4 1 1
github.com/yunhou/users/internal/service/token.go:109.2,109.20 1 1
github.com/yunhou/users/internal/service/token.go:112.105,121.2 4 1
github.com/yunhou/users/internal/service/token.go:123.54,136.2 3 1
github.com/yunhou/users/internal/service/token.go:138.35,143.27 4 1
github.com/yunhou/users/internal/service/token.go:143.27,145.3 1 1
github.com/yunhou/users/internal/service/token.go:146.2,146.54 1 1
github.com/yunhou/users/internal/service/token.go:149.59,151.16 2 1
github.com/yunhou/users/internal/service/token.go:151.16,153.3 1 1
github.com/yunhou/users/internal/service/token.go:154.2,155.18 2 1
github.com/yunhou/users/internal/service/token.go:155.18,157.3 1 1
github.com/yunhou/users/internal/service/token.go:158.2,158.68 1 1
github.com/yunhou/users/internal/service/token.go:158.68,160.3 1 1
github.com/yunhou/users/internal/service/token.go:161.2,162.16 2 1
github.com/yunhou/users/internal/service/token.go:162.16,164.3 1 0
github.com/yunhou/users/internal/service/token.go:165.2,166.9 2 1
github.com/yunhou/users/internal/service/token.go:166.9,168.3 1 0
github.com/yunhou/users/internal/service/token.go:169.2,169.20 1 1
github.com/yunhou/users/internal/service/token.go:172.57,174.16 2 1
github.com/yunhou/users/internal/service/token.go:174.16,176.3 1 1
github.com/yunhou/users/internal/service/token.go:177.2,178.18 2 1
github.com/yunhou/users/internal/service/token.go:178.18,180.3 1 1
github.com/yunhou/users/internal/service/token.go:181.2,182.16 2 1
github.com/yunhou/users/internal/service/token.go:182.16,184.3 1 0
github.com/yunhou/users/internal/service/token.go:185.2,186.9 2 1
github.com/yunhou/users/internal/service/token.go:186.9,188.3 1 1
github.com/yunhou/users/internal/service/token.go:189.2,189.20 1 1
